Component: ARM Compiler 5.06 update 4 (build 422) Tool: armlink [4d35d2]

==============================================================================

Section Cross References

    system_stm32f10x.o(.text) refers to system_stm32f10x.o(.data) for SystemCoreClock
    startup_stm32f10x_md.o(RESET) refers to startup_stm32f10x_md.o(STACK) for __initial_sp
    startup_stm32f10x_md.o(RESET) refers to startup_stm32f10x_md.o(.text) for Reset_Handler
    startup_stm32f10x_md.o(RESET) refers to stm32f10x_it.o(.text) for NMI_Handler
    startup_stm32f10x_md.o(.text) refers to system_stm32f10x.o(.text) for SystemInit
    startup_stm32f10x_md.o(.text) refers to entry.o(.ARM.Collect$$$$00000000) for __main
    main.o(.text) refers to led.o(.text) for LED_Init
    main.o(.text) refers to usart1.o(.text) for USART1_Init
    main.o(.text) refers to usart2.o(.text) for USART2_Init
    main.o(.text) refers to hal_i2c.o(.text) for Hal_I2C_Init
    main.o(.text) refers to esp8266.o(.text) for ESP8266_Init
    stm32f10x_it.o(.text) refers to led.o(.text) for LED_CmdCtl
    stm32f10x_it.o(.text) refers to memseta.o(.text) for __aeabi_memclr
    stm32f10x_it.o(.text) refers to usart2.o(.data) for usart2_rcv_len
    stm32f10x_it.o(.text) refers to usart2.o(.bss) for usart2_rcv_buf
    stm32f10x_gpio.o(.text) refers to stm32f10x_rcc.o(.text) for RCC_APB2PeriphResetCmd
    stm32f10x_i2c.o(.text) refers to stm32f10x_rcc.o(.text) for RCC_APB1PeriphResetCmd
    stm32f10x_rcc.o(.text) refers to stm32f10x_rcc.o(.data) for APBAHBPrescTable
    stm32f10x_usart.o(.text) refers to stm32f10x_rcc.o(.text) for RCC_APB2PeriphResetCmd
    usart1.o(.text) refers to stm32f10x_usart.o(.text) for USART_SendData
    usart1.o(.text) refers to stm32f10x_rcc.o(.text) for RCC_APB2PeriphClockCmd
    usart1.o(.text) refers to stm32f10x_gpio.o(.text) for GPIO_Init
    usart1.o(.text) refers to misc.o(.text) for NVIC_Init
    usart2.o(.text) refers to stm32f10x_rcc.o(.text) for RCC_APB2PeriphClockCmd
    usart2.o(.text) refers to stm32f10x_gpio.o(.text) for GPIO_Init
    usart2.o(.text) refers to stm32f10x_usart.o(.text) for USART_Init
    usart2.o(.text) refers to misc.o(.text) for NVIC_Init
    led.o(.text) refers to stm32f10x_rcc.o(.text) for RCC_APB2PeriphClockCmd
    led.o(.text) refers to stm32f10x_gpio.o(.text) for GPIO_Init
    led.o(.text) refers to strstr.o(.text) for strstr
    led.o(.text) refers to usart2.o(.bss) for usart2_cmd_buf
    led.o(.text) refers to led.o(.data) for red_value
    sht20.o(.text) refers to hal_i2c.o(.text) for Hal_I2C_ByteWrite
    sht20.o(.text) refers to ffltui.o(.text) for __aeabi_ui2f
    sht20.o(.text) refers to f2d.o(.text) for __aeabi_f2d
    sht20.o(.text) refers to dmul.o(.text) for __aeabi_dmul
    sht20.o(.text) refers to dadd.o(.text) for __aeabi_dsub
    sht20.o(.text) refers to d2f.o(.text) for __aeabi_d2f
    sht20.o(.text) refers to fflti.o(.text) for __aeabi_i2f
    sht20.o(.text) refers to stm32f10x_i2c.o(.text) for I2C_AcknowledgeConfig
    sht20.o(.text) refers to utils.o(.text) for mDelay
    sht20.o(.text) refers to printfa.o(i.__0printf) for __2printf
    sht20.o(.text) refers to ffixui.o(.text) for __aeabi_f2uiz
    sht20.o(.text) refers to sht20.o(.constdata) for __func__
    hal_i2c.o(.text) refers to stm32f10x_rcc.o(.text) for RCC_APB1PeriphClockCmd
    hal_i2c.o(.text) refers to printfa.o(i.__0printf) for __2printf
    hal_i2c.o(.text) refers to stm32f10x_gpio.o(.text) for GPIO_Init
    hal_i2c.o(.text) refers to stm32f10x_i2c.o(.text) for I2C_DeInit
    hal_i2c.o(.text) refers to hal_i2c.o(.constdata) for __func__
    hal_i2c.o(.text) refers to hal_i2c.o(.conststring) for .conststring
    cjson.o(.text) refers to tolower.o(.text) for tolower
    cjson.o(.text) refers to strlen.o(.text) for strlen
    cjson.o(.text) refers to memmovea.o(.text) for __aeabi_memcpy
    cjson.o(.text) refers to memseta.o(.text) for __aeabi_memclr4
    cjson.o(.text) refers to dflti.o(.text) for __aeabi_i2d
    cjson.o(.text) refers to dmul.o(.text) for __aeabi_dmul
    cjson.o(.text) refers to dadd.o(.text) for __aeabi_dadd
    cjson.o(.text) refers to pow.o(i.pow) for pow
    cjson.o(.text) refers to dfixi.o(.text) for __aeabi_d2iz
    cjson.o(.text) refers to cdcmple.o(.text) for __aeabi_cdcmpeq
    cjson.o(.text) refers to cdrcmple.o(.text) for __aeabi_cdrcmple
    cjson.o(.text) refers to cjson.o(.data) for ep
    cjson.o(.text) refers to malloc.o(i.malloc) for malloc
    cjson.o(.text) refers to malloc.o(i.free) for free
    cjson.o(.text) refers to printfa.o(i.__0sprintf) for __2sprintf
    cjson.o(.text) refers to floor.o(i.floor) for floor
    cjson.o(.text) refers to cjson.o(.constdata) for firstByteMark
    cjson.o(.text) refers to strcpy.o(.text) for strcpy
    cjson.o(.text) refers to strchr.o(.text) for strchr
    cjson.o(.text) refers to strncmp.o(.text) for strncmp
    cjson.o(.text) refers to f2d.o(.text) for __aeabi_f2d
    cjson.o(.data) refers to malloc.o(i.malloc) for malloc
[...]
    dadd.o(.text) refers to llsshr.o(.text) for __aeabi_lasr
    dadd.o(.text) refers to depilogue.o(.text) for _double_epilogue
    dmul.o(.text) refers (Special) to iusefp.o(.text) for __I$use$fp
    dmul.o(.text) refers to depilogue.o(.text) for _double_epilogue
    fflti.o(.text) refers (Special) to iusefp.o(.text) for __I$use$fp
    fflti.o(.text) refers to fepilogue.o(.text) for _float_epilogue
    ffltui.o(.text) refers (Special) to iusefp.o(.text) for __I$use$fp
    ffltui.o(.text) refers to fepilogue.o(.text) for _float_epilogue
    dflti.o(.text) refers (Special) to iusefp.o(.text) for __I$use$fp
    dflti.o(.text) refers to depilogue.o(.text) for _double_epilogue
    ffixui.o(.text) refers (Special) to iusefp.o(.text) for __I$use$fp
    dfixi.o(.text) refers (Special) to iusefp.o(.text) for __I$use$fp
    dfixi.o(.text) refers to llushr.o(.text) for __aeabi_llsr
    f2d.o(.text) refers (Special) to iusefp.o(.text) for __I$use$fp
    cdcmple.o(.text) refers (Special) to iusefp.o(.text) for __I$use$fp
    cdrcmple.o(.text) refers (Special) to iusefp.o(.text) for __I$use$fp
    d2f.o(.text) refers (Special) to iusefp.o(.text) for __I$use$fp
    d2f.o(.text) refers to fepilogue.o(.text) for _float_round
    dunder.o(i.__mathlib_dbl_divzero) refers to ddiv.o(.text) for __aeabi_ddiv
    dunder.o(i.__mathlib_dbl_infnan) refers to dscalb.o(.text) for __ARM_scalbn
    dunder.o(i.__mathlib_dbl_infnan2) refers to dadd.o(.text) for __aeabi_dadd
    dunder.o(i.__mathlib_dbl_invalid) refers to ddiv.o(.text) for __aeabi_ddiv
    dunder.o(i.__mathlib_dbl_overflow) refers to dscalb.o(.text) for __ARM_scalbn
    dunder.o(i.__mathlib_dbl_posinfnan) refers to dmul.o(.text) for __aeabi_dmul
    dunder.o(i.__mathlib_dbl_underflow) refers to dscalb.o(.text) for __ARM_scalbn
    fpclassify.o(i.__ARM_fpclassify) refers (Special) to iusefp.o(.text) for __I$use$fp
    poly.o(i.__kernel_poly) refers (Special) to iusefp.o(.text) for __I$use$fp
    poly.o(i.__kernel_poly) refers to dmul.o(.text) for __aeabi_dmul
    poly.o(i.__kernel_poly) refers to dadd.o(.text) for __aeabi_dadd
    qnan.o(.constdata) refers (Special) to iusefp.o(.text) for __I$use$fp
    sqrt.o(i.__softfp_sqrt) refers (Special) to iusefp.o(.text) for __I$use$fp
    sqrt.o(i.__softfp_sqrt) refers to dsqrt.o(.text) for _dsqrt
    sqrt.o(i.__softfp_sqrt) refers to errno.o(i.__set_errno) for __set_errno
    sqrt.o(i.sqrt) refers (Special) to iusefp.o(.text) for __I$use$fp
    sqrt.o(i.sqrt) refers to dsqrt.o(.text) for _dsqrt
    sqrt.o(i.sqrt) refers to errno.o(i.__set_errno) for __set_errno
    sqrt_x.o(i.____softfp_sqrt$lsc) refers (Special) to iusefp.o(.text) for __I$use$fp
    sqrt_x.o(i.____softfp_sqrt$lsc) refers to cdcmple.o(.text) for __aeabi_cdcmple
    sqrt_x.o(i.____softfp_sqrt$lsc) refers to errno.o(i.__set_errno) for __set_errno
    sqrt_x.o(i.____softfp_sqrt$lsc) refers to dsqrt.o(.text) for _dsqrt
    sqrt_x.o(i.__sqrt$lsc) refers (Special) to iusefp.o(.text) for __I$use$fp
    sqrt_x.o(i.__sqrt$lsc) refers to cdcmple.o(.text) for __aeabi_cdcmple
    sqrt_x.o(i.__sqrt$lsc) refers to errno.o(i.__set_errno) for __set_errno
    sqrt_x.o(i.__sqrt$lsc) refers to dsqrt.o(.text) for _dsqrt
    entry2.o(.ARM.Collect$$$$00000001) refers to entry2.o(.ARM.Collect$$$$00002712) for __lit__00000000
    entry2.o(.ARM.Collect$$$$00002712) refers to startup_stm32f10x_md.o(STACK) for __initial_sp
    entry2.o(__vectab_stack_and_reset_area) refers to startup_stm32f10x_md.o(STACK) for __initial_sp
    entry2.o(__vectab_stack_and_reset_area) refers to entry.o(.ARM.Collect$$$$00000000) for __main
    entry5.o(.ARM.Collect$$$$00000004) refers to init.o(.text) for __scatterload
    entry9a.o(.ARM.Collect$$$$0000000B) refers to main.o(.text) for main
    entry9b.o(.ARM.Collect$$$$0000000C) refers to main.o(.text) for main
    uldiv.o(.text) refers to llushr.o(.text) for __aeabi_llsr
    uldiv.o(.text) refers to llshl.o(.text) for __aeabi_llsl
    errno.o(i.__aeabi_errno_addr) refers to errno.o(.data) for .data
    errno.o(i.__read_errno) refers to errno.o(.data) for .data
    errno.o(i.__set_errno) refers to errno.o(.data) for .data
    depilogue.o(.text) refers to llshl.o(.text) for __aeabi_llsl
    depilogue.o(.text) refers to llushr.o(.text) for __aeabi_llsr
    ddiv.o(.text) refers to depilogue.o(.text) for _double_round
    dfixul.o(.text) refers to llushr.o(.text) for __aeabi_llsr
    dfixul.o(.text) refers to llshl.o(.text) for __aeabi_llsl
    init.o(.text) refers to entry5.o(.ARM.Collect$$$$00000004) for __main_after_scatterload
    dsqrt.o(.text) refers to llushr.o(.text) for __aeabi_llsr
    dsqrt.o(.text) refers to depilogue.o(.text) for _double_round


==============================================================================

Removing Unused input sections from the image.

    Removing core_cm3.o(.emb_text), (32 bytes).
    Removing stm32f10x_exti.o(.text), (284 bytes).
    Removing stm32f10x_flash.o(.text), (1468 bytes).
    Removing usart1.o(.bss), (512 bytes).
    Removing usart1.o(.data), (12 bytes).

5 unused section(s) (total 2308 bytes) removed from the image.

==============================================================================

Image Symbol Table

    Local Symbols

    Symbol Name                              Value     Ov Type        Size  Object(Section)

    ../clib/microlib/ctype/tolower.c         0x00000000   Number         0  tolower.o ABSOLUTE
    ../clib/microlib/division.c              0x00000000   Number         0  uldiv.o ABSOLUTE
    ../clib/microlib/division.c              0x00000000   Number         0  uidiv.o ABSOLUTE
    ../clib/microlib/errno.c                 0x00000000   Number         0  errno.o ABSOLUTE
    ../clib/microlib/init/entry.s            0x00000000   Number         0  entry11a.o ABSOLUTE
    ../clib/microlib/init/entry.s            0x00000000   Number         0  entry.o ABSOLUTE
    ../clib/microlib/init/entry.s            0x00000000   Number         0  entry2.o ABSOLUTE
    ../clib/microlib/init/entry.s            0x00000000   Number         0  entry9b.o ABSOLUTE
    ../clib/microlib/init/entry.s            0x00000000   Number         0  entry5.o ABSOLUTE
    ../clib/microlib/init/entry.s            0x00000000   Number         0  entry9a.o ABSOLUTE
    ../clib/microlib/init/entry.s            0x00000000   Number         0  entry10b.o ABSOLUTE
    ../clib/microlib/init/entry.s            0x00000000   Number         0  entry7a.o ABSOLUTE
    ../clib/microlib/init/entry.s            0x00000000   Number         0  entry7b.o ABSOLUTE
    ../clib/microlib/init/entry.s            0x00000000   Number         0  entry10a.o ABSOLUTE
    ../clib/microlib/init/entry.s            0x00000000   Number         0  entry8a.o ABSOLUTE
    ../clib/microlib/init/entry.s            0x00000000   Number         0  entry8b.o ABSOLUTE
    ../clib/microlib/init/entry.s            0x00000000   Number         0  entry11b.o ABSOLUTE
    ../clib/microlib/longlong.c              0x00000000   Number         0  llshl.o ABSOLUTE
    ../clib/microlib/longlong.c              0x00000000   Number         0  llushr.o ABSOLUTE
    ../clib/microlib/longlong.c              0x00000000   Number         0  llsshr.o ABSOLUTE
    ../clib/microlib/malloc/malloc.c         0x00000000   Number         0  malloc.o ABSOLUTE
    ../clib/microlib/malloc/malloc.c         0x00000000   Number         0  mallocr.o ABSOLUTE
    ../clib/microlib/malloc/malloc.c         0x00000000   Number         0  malloca.o ABSOLUTE
    ../clib/microlib/malloc/malloc.c         0x00000000   Number         0  mallocra.o ABSOLUTE
    ../clib/microlib/malloc/mvars.c          0x00000000   Number         0  mvars.o ABSOLUTE
    ../clib/microlib/printf/printf.c         0x00000000   Number         0  printf6.o ABSOLUTE
    ../clib/microlib/printf/printf.c         0x00000000   Number         0  printf8.o ABSOLUTE
    ../clib/microlib/printf/printf.c         0x00000000   Number         0  printf7.o ABSOLUTE
    ../clib/microlib/printf/printf.c         0x00000000   Number         0  printf2.o ABSOLUTE
    ../clib/microlib/printf/printf.c         0x00000000   Number         0  printf3.o ABSOLUTE
    ../clib/microlib/printf/printf.c         0x00000000   Number         0  printf4.o ABSOLUTE
    ../clib/microlib/printf/printf.c         0x00000000   Number         0  printf5.o ABSOLUTE
    ../clib/microlib/printf/printf.c         0x00000000   Number         0  printfa.o ABSOLUTE
    ../clib/microlib/printf/printf.c         0x00000000   Number         0  printf1.o ABSOLUTE
    ../clib/microlib/printf/printf.c         0x00000000   Number         0  printf0.o ABSOLUTE
    ../clib/microlib/printf/printf.c         0x00000000   Number         0  printfb.o ABSOLUTE
    ../clib/microlib/printf/stubs.s          0x00000000   Number         0  stubs.o ABSOLUTE
    ../clib/microlib/stdio/streams.c         0x00000000   Number         0  stdout.o ABSOLUTE
    ../clib/microlib/string/memcpy.c         0x00000000   Number         0  memcpyb.o ABSOLUTE
    ../clib/microlib/string/memcpy.c         0x00000000   Number         0  memcpya.o ABSOLUTE
    ../clib/microlib/string/memcpy.c         0x00000000   Number         0  memmoveb.o ABSOLUTE
    ../clib/microlib/string/memcpy.c         0x00000000   Number         0  memmovea.o ABSOLUTE
    ../clib/microlib/string/memset.c         0x00000000   Number         0  memseta.o ABSOLUTE
    ../clib/microlib/string/strcat.c         0x00000000   Number         0  strcat.o ABSOLUTE
    ../clib/microlib/string/strchr.c         0x00000000   Number         0  strchr.o ABSOLUTE
    ../clib/microlib/string/strcpy.c         0x00000000   Number         0  strcpy.o ABSOLUTE
    ../clib/microlib/string/strlen.c         0x00000000   Number         0  strlen.o ABSOLUTE
    ../clib/microlib/string/strncmp.c        0x00000000   Number         0  strncmp.o ABSOLUTE
    ../clib/microlib/string/strncpy.c        0x00000000   Number         0  strncpy.o ABSOLUTE
    ../clib/microlib/string/strstr.c         0x00000000   Number         0  strstr.o ABSOLUTE
    ../clib/microlib/stubs.s                 0x00000000   Number         0  iusefp.o ABSOLUTE
    ../fplib/microlib/d2f.c                  0x00000000   Number         0  d2f.o ABSOLUTE
    ../fplib/microlib/f2d.c                  0x00000000   Number         0  f2d.o ABSOLUTE
    ../fplib/microlib/fpadd.c                0x00000000   Number         0  dadd.o ABSOLUTE
    ../fplib/microlib/fpdiv.c                0x00000000   Number         0  ddiv.o ABSOLUTE
    ../fplib/microlib/fpepilogue.c           0x00000000   Number         0  fepilogue.o ABSOLUTE
    ../fplib/microlib/fpepilogue.c           0x00000000   Number         0  depilogue.o ABSOLUTE
    ../fplib/microlib/fpfix.c                0x00000000   Number         0  dfixul.o ABSOLUTE
    ../fplib/microlib/fpfix.c                0x00000000   Number         0  dfixi.o ABSOLUTE
    ../fplib/microlib/fpfix.c                0x00000000   Number         0  ffixui.o ABSOLUTE
    ../fplib/microlib/fpflt.c                0x00000000   Number         0  fflti.o ABSOLUTE
    ../fplib/microlib/fpflt.c                0x00000000   Number         0  dflti.o ABSOLUTE
    ../fplib/microlib/fpflt.c                0x00000000   Number         0  ffltui.o ABSOLUTE
    ../fplib/microlib/fpmul.c                0x00000000   Number         0  dmul.o ABSOLUTE
    ../fplib/microlib/fpscalb.c              0x00000000   Number         0  dscalb.o ABSOLUTE
    ../fplib/microlib/fpsqrt.c               0x00000000   Number         0  dsqrt.o ABSOLUTE
    ../mathlib/dunder.c                      0x00000000   Number         0  dunder.o ABSOLUTE
    ../mathlib/floor.c                       0x00000000   Number         0  floor.o ABSOLUTE
    ../mathlib/fpclassify.c                  0x00000000   Number         0  fpclassify.o ABSOLUTE
    ../mathlib/poly.c                        0x00000000   Number         0  poly.o ABSOLUTE
    ../mathlib/pow.c                         0x00000000   Number         0  pow_x.o ABSOLUTE
    ../mathlib/pow.c                         0x00000000   Number         0  pow.o ABSOLUTE
    ../mathlib/qnan.c                        0x00000000   Number         0  qnan.o ABSOLUTE
    ../mathlib/sqrt.c                        0x00000000   Number         0  sqrt_x.o ABSOLUTE
    ../mathlib/sqrt.c                        0x00000000   Number         0  sqrt.o ABSOLUTE
    ..\Driver\hal_i2c.c                      0x00000000   Number         0  hal_i2c.o ABSOLUTE
    ..\Driver\led.c                          0x00000000   Number         0  led.o ABSOLUTE
    ..\Driver\sht20.c                        0x00000000   Number         0  sht20.o ABSOLUTE
    ..\Driver\usart1.c                       0x00000000   Number         0  usart1.o ABSOLUTE
    ..\Driver\usart2.c                       0x00000000   Number         0  usart2.o ABSOLUTE
    ..\EDP\EdpKit.c                          0x00000000   Number         0  edpkit.o ABSOLUTE
    ..\EDP\cJSON.c                           0x00000000   Number         0  cjson.o ABSOLUTE
    ..\Libraries\CMSIS\core_cm3.c            0x00000000   Number         0  core_cm3.o ABSOLUTE
    ..\Libraries\CMSIS\startup\arm\startup_stm32f10x_md.s 0x00000000   Number         0  startup_stm32f10x_md.o ABSOLUTE
    ..\Libraries\CMSIS\system_stm32f10x.c    0x00000000   Number         0  system_stm32f10x.o ABSOLUTE
    ..\Libraries\STM32F10x_StdPeriph_Driver\src\misc.c 0x00000000   Number         0  misc.o ABSOLUTE
    ..\Libraries\STM32F10x_StdPeriph_Driver\src\stm32f10x_exti.c 0x00000000   Number         0  stm32f10x_exti.o ABSOLUTE
    ..\Libraries\STM32F10x_StdPeriph_Driver\src\stm32f10x_flash.c 0x00000000   Number         0  stm32f10x_flash.o ABSOLUTE
    ..\Libraries\STM32F10x_StdPeriph_Driver\src\stm32f10x_gpio.c 0x00000000   Number         0  stm32f10x_gpio.o ABSOLUTE
    ..\Libraries\STM32F10x_StdPeriph_Driver\src\stm32f10x_i2c.c 0x00000000   Number         0  stm32f10x_i2c.o ABSOLUTE
    ..\Libraries\STM32F10x_StdPeriph_Driver\src\stm32f10x_rcc.c 0x00000000   Number         0  stm32f10x_rcc.o ABSOLUTE
    ..\Libraries\STM32F10x_StdPeriph_Driver\src\stm32f10x_usart.c 0x00000000   Number         0  stm32f10x_usart.o ABSOLUTE
    ..\Network\esp8266.c                     0x00000000   Number         0  esp8266.o ABSOLUTE
    ..\User\main.c                           0x00000000   Number         0  main.o ABSOLUTE
    ..\User\stm32f10x_it.c                   0x00000000   Number         0  stm32f10x_it.o ABSOLUTE
    ..\Utils\utils.c                         0x00000000   Number         0  utils.o ABSOLUTE
    ..\\Libraries\\CMSIS\\core_cm3.c         0x00000000   Number         0  core_cm3.o ABSOLUTE
    cdcmple.s                                0x00000000   Number         0  cdcmple.o ABSOLUTE
    cdrcmple.s                               0x00000000   Number         0  cdrcmple.o ABSOLUTE
    dc.s                                     0x00000000   Number         0  dc.o ABSOLUTE
    handlers.s                               0x00000000   Number         0  handlers.o ABSOLUTE
    init.s                                   0x00000000   Number         0  init.o ABSOLUTE
    RESET                                    0x08000000   Section      236  startup_stm32f10x_md.o(RESET)
    .ARM.Collect$$$$00000000                 0x080000ec   Section        0  entry.o(.ARM.Collect$$$$00000000)
    .ARM.Collect$$$$00000001                 0x080000ec   Section        4  entry2.o(.ARM.Collect$$$$00000001)
    .ARM.Collect$$$$00000004                 0x080000f0   Section        4  entry5.o(.ARM.Collect$$$$00000004)
    .ARM.Collect$$$$00000008                 0x080000f4   Section        0  entry7b.o(.ARM.Collect$$$$00000008)
    .ARM.Collect$$$$0000000A                 0x080000f4   Section        0  entry8b.o(.ARM.Collect$$$$0000000A)
    .ARM.Collect$$$$0000000B                 0x080000f4   Section        8  entry9a.o(.ARM.Collect$$$$0000000B)
    .ARM.Collect$$$$0000000D                 0x080000fc   Section        0  entry10a.o(.ARM.Collect$$$$0000000D)
    .ARM.Collect$$$$0000000F                 0x080000fc   Section        0  entry11a.o(.ARM.Collect$$$$0000000F)
    .ARM.Collect$$$$00002712                 0x080000fc   Section        4  entry2.o(.ARM.Collect$$$$00002712)
    __lit__00000000                          0x080000fc   Data           4  entry2.o(.ARM.Collect$$$$00002712)
    .text                                    0x08000100   Section        0  system_stm32f10x.o(.text)
    SetSysClockTo72                          0x08000101   Thumb Code   214  system_stm32f10x.o(.text)
    SetSysClock                              0x080001d7   Thumb Code     8  system_stm32f10x.o(.text)
    .text                                    0x080002e8   Section       36  startup_stm32f10x_md.o(.text)
    .text                                    0x0800030c   Section        0  main.o(.text)
    .text                                    0x0800037c   Section        0  stm32f10x_it.o(.text)
    .text                                    0x08000430   Section        0  misc.o(.text)
    .text                                    0x0800050c   Section        0  stm32f10x_gpio.o(.text)
    .text                                    0x08000868   Section        0  stm32f10x_i2c.o(.text)
    .text                                    0x08000c6c   Section        0  stm32f10x_rcc.o(.text)
    .text                                    0x08001018   Section        0  stm32f10x_usart.o(.text)
    .text                                    0x08001420   Section        0  usart1.o(.text)
    .text                                    0x08001514   Section        0  usart2.o(.text)
    .text                                    0x080015f4   Section        0  led.o(.text)
    .text                                    0x0800186c   Section        0  sht20.o(.text)
    .text                                    0x08001f34   Section        0  hal_i2c.o(.text)
    .text                                    0x08002254   Section        0  cjson.o(.text)
    cJSON_strcasecmp                         0x0800225b   Thumb Code    76  cjson.o(.text)
    cJSON_strdup                             0x080022a7   Thumb Code    42  cjson.o(.text)
    cJSON_New_Item                           0x08002301   Thumb Code    26  cjson.o(.text)
    parse_number                             0x0800236d   Thumb Code   432  cjson.o(.text)
    pow2gt                                   0x0800251d   Thumb Code    28  cjson.o(.text)
    ensure                                   0x08002539   Thumb Code   104  cjson.o(.text)
    update                                   0x080025a1   Thumb Code    32  cjson.o(.text)
    print_number                             0x080025c1   Thumb Code   398  cjson.o(.text)
    parse_hex4                               0x0800274f   Thumb Code   276  cjson.o(.text)
    parse_string                             0x08002863   Thumb Code   448  cjson.o(.text)
    print_string_ptr                         0x08002a23   Thumb Code   502  cjson.o(.text)
    print_string                             0x08002c19   Thumb Code    16  cjson.o(.text)
    skip                                     0x08002c29   Thumb Code    18  cjson.o(.text)
    parse_object                             0x08002c3b   Thumb Code   272  cjson.o(.text)
    parse_array                              0x08002d4b   Thumb Code   168  cjson.o(.text)
    parse_value                              0x08002df3   Thumb Code   210  cjson.o(.text)
    print_object                             0x08002f35   Thumb Code  1052  cjson.o(.text)
    print_array                              0x08003351   Thumb Code   578  cjson.o(.text)
    print_value                              0x08003593   Thumb Code   290  cjson.o(.text)
    suffix_object                            0x08003751   Thumb Code     6  cjson.o(.text)
    create_reference                         0x08003757   Thumb Code    48  cjson.o(.text)
    .text                                    0x08003ce0   Section        0  edpkit.o(.text)
    FormatAt                                 0x08003ce3   Thumb Code     6  edpkit.o(.text)
    PacketSavedataType1Int                   0x0800423d   Thumb Code   224  edpkit.o(.text)
    PacketSavedataType1Double                0x0800431d   Thumb Code   216  edpkit.o(.text)
    PacketSavedataType1String                0x080043f5   Thumb Code   270  edpkit.o(.text)
    PacketSavedataType2Int                   0x08004503   Thumb Code    68  edpkit.o(.text)
    PacketSavedataType2Double                0x08004547   Thumb Code    70  edpkit.o(.text)
    PacketSavedataType2String                0x0800458d   Thumb Code    68  edpkit.o(.text)
    PacketSavedataType3Int                   0x080045d1   Thumb Code   110  edpkit.o(.text)
    PacketSavedataType3Double                0x0800463f   Thumb Code   110  edpkit.o(.text)
    PacketSavedataType3String                0x080046ad   Thumb Code   108  edpkit.o(.text)
    UnpackSavedataType1Int                   0x08004891   Thumb Code   202  edpkit.o(.text)
    UnpackSavedataType1Double                0x0800495b   Thumb Code   206  edpkit.o(.text)
    UnpackSavedataType1String                0x08004a29   Thumb Code   246  edpkit.o(.text)
    UnpackSavedataType2Int                   0x08004b1f   Thumb Code    96  edpkit.o(.text)
    UnpackSavedataType2Double                0x08004b7f   Thumb Code   100  edpkit.o(.text)
    UnpackSavedataType2String                0x08004be3   Thumb Code   140  edpkit.o(.text)
    UnpackSavedataType3Int                   0x08004c6f   Thumb Code   110  edpkit.o(.text)
    UnpackSavedataType3Double                0x08004cdd   Thumb Code   114  edpkit.o(.text)
    UnpackSavedataType3String                0x08004d4f   Thumb Code   148  edpkit.o(.text)
    .text                                    0x08005518   Section        0  esp8266.o(.text)
    .text                                    0x08005d7c   Section        0  utils.o(.text)
    .text                                    0x08005e3c   Section        0  tolower.o(.text)
    .text                                    0x08005e48   Section        0  memmovea.o(.text)
    .text                                    0x08005e88   Section        0  memseta.o(.text)
    .text                                    0x08005eac   Section        0  strcat.o(.text)
    .text                                    0x08005ec4   Section        0  strstr.o(.text)
    .text                                    0x08005ee8   Section        0  strncpy.o(.text)
    .text                                    0x08005f00   Section        0  strchr.o(.text)
    .text                                    0x08005f14   Section        0  strlen.o(.text)
    .text                                    0x08005f22   Section        0  strcpy.o(.text)
    .text                                    0x08005f34   Section        0  strncmp.o(.text)
    .text                                    0x08005f52   Section        0  dadd.o(.text)
    .text                                    0x080060a0   Section        0  dmul.o(.text)
    .text                                    0x08006184   Section        0  fflti.o(.text)
    .text                                    0x08006196   Section        0  ffltui.o(.text)
    .text                                    0x080061a0   Section        0  dflti.o(.text)
    .text                                    0x080061c2   Section        0  ffixui.o(.text)
    .text                                    0x080061ea   Section        0  dfixi.o(.text)
    .text                                    0x08006228   Section        0  f2d.o(.text)
    .text                                    0x08006250   Section       48  cdcmple.o(.text)
    .text                                    0x08006280   Section       48  cdrcmple.o(.text)
    .text                                    0x080062b0   Section        0  d2f.o(.text)
    .text                                    0x080062e8   Section        0  uidiv.o(.text)
    .text                                    0x08006314   Section        0  uldiv.o(.text)
    .text                                    0x08006376   Section        0  llshl.o(.text)
    .text                                    0x08006394   Section        0  llushr.o(.text)
    .text                                    0x080063b4   Section        0  llsshr.o(.text)
    .text                                    0x080063d8   Section        0  iusefp.o(.text)
    .text                                    0x080063d8   Section        0  fepilogue.o(.text)
    .text                                    0x08006446   Section        0  depilogue.o(.text)
    .text                                    0x08006500   Section        0  ddiv.o(.text)
    .text                                    0x080065de   Section        0  dscalb.o(.text)
    .text                                    0x0800660c   Section        0  dfixul.o(.text)
    .text                                    0x0800663c   Section       36  init.o(.text)
    .text                                    0x08006660   Section        0  dsqrt.o(.text)
    i.__0printf                              0x08006704   Section        0  printfa.o(i.__0printf)
    i.__0sprintf                             0x08006724   Section        0  printfa.o(i.__0sprintf)
    i.__ARM_fpclassify                       0x0800674c   Section        0  fpclassify.o(i.__ARM_fpclassify)
    i.__kernel_poly                          0x08006774   Section        0  poly.o(i.__kernel_poly)
    i.__mathlib_dbl_divzero                  0x08006820   Section        0  dunder.o(i.__mathlib_dbl_divzero)
    i.__mathlib_dbl_infnan2                  0x08006830   Section        0  dunder.o(i.__mathlib_dbl_infnan2)
    i.__mathlib_dbl_invalid                  0x08006834   Section        0  dunder.o(i.__mathlib_dbl_invalid)
    i.__mathlib_dbl_overflow                 0x08006840   Section        0  dunder.o(i.__mathlib_dbl_overflow)
    i.__mathlib_dbl_underflow                0x08006850   Section        0  dunder.o(i.__mathlib_dbl_underflow)
    i.__scatterload_copy                     0x08006860   Section       14  handlers.o(i.__scatterload_copy)
    i.__scatterload_null                     0x0800686e   Section        2  handlers.o(i.__scatterload_null)
    i.__scatterload_zeroinit                 0x08006870   Section       14  handlers.o(i.__scatterload_zeroinit)
    i.__set_errno                            0x08006880   Section        0  errno.o(i.__set_errno)
    i._fp_digits                             0x0800688c   Section        0  printfa.o(i._fp_digits)
    _fp_digits                               0x0800688d   Thumb Code   366  printfa.o(i._fp_digits)
    i._printf_core                           0x08006a10   Section        0  printfa.o(i._printf_core)
    _printf_core                             0x08006a11   Thumb Code  1744  printfa.o(i._printf_core)
    i._printf_post_padding                   0x080070ec   Section        0  printfa.o(i._printf_post_padding)
    _printf_post_padding                     0x080070ed   Thumb Code    36  printfa.o(i._printf_post_padding)
    i._printf_pre_padding                    0x08007110   Section        0  printfa.o(i._printf_pre_padding)
    _printf_pre_padding                      0x08007111   Thumb Code    46  printfa.o(i._printf_pre_padding)
    i._sputc                                 0x0800713e   Section        0  printfa.o(i._sputc)
    _sputc                                   0x0800713f   Thumb Code    10  printfa.o(i._sputc)
    i.floor                                  0x08007148   Section        0  floor.o(i.floor)
    i.free                                   0x08007224   Section        0  malloc.o(i.free)
    i.malloc                                 0x08007274   Section        0  malloc.o(i.malloc)
    i.pow                                    0x080072e0   Section        0  pow.o(i.pow)
    i.sqrt                                   0x08007cb8   Section        0  sqrt.o(i.sqrt)
    .constdata                               0x08007d04   Section       51  sht20.o(.constdata)
    __func__                                 0x08007d06   Data          16  sht20.o(.constdata)
    __func__                                 0x08007d16   Data          11  sht20.o(.constdata)
    __func__                                 0x08007d21   Data          22  sht20.o(.constdata)
    .constdata                               0x08007d37   Section       59  hal_i2c.o(.constdata)
    __func__                                 0x08007d37   Data          23  hal_i2c.o(.constdata)
    __func__                                 0x08007d4e   Data          13  hal_i2c.o(.constdata)
    __func__                                 0x08007d5b   Data          23  hal_i2c.o(.constdata)
    .constdata                               0x08007d72   Section        7  cjson.o(.constdata)
    firstByteMark                            0x08007d72   Data           7  cjson.o(.constdata)
    .constdata                               0x08007d79   Section      512  utils.o(.constdata)
    aucCRCHi                                 0x08007d79   Data         256  utils.o(.constdata)
    aucCRCLo                                 0x08007e79   Data         256  utils.o(.constdata)
    .constdata                               0x08007f80   Section      136  pow.o(.constdata)
    bp                                       0x08007f80   Data          16  pow.o(.constdata)
    dp_h                                     0x08007f90   Data          16  pow.o(.constdata)
    dp_l                                     0x08007fa0   Data          16  pow.o(.constdata)
    L                                        0x08007fb0   Data          48  pow.o(.constdata)
    P                                        0x08007fe0   Data          40  pow.o(.constdata)
    .constdata                               0x08008008   Section        8  qnan.o(.constdata)
    .conststring                             0x08008010   Section       98  hal_i2c.o(.conststring)
    .data                                    0x20000000   Section       20  system_stm32f10x.o(.data)
    .data                                    0x20000014   Section       20  stm32f10x_rcc.o(.data)
    APBAHBPrescTable                         0x20000014   Data          16  stm32f10x_rcc.o(.data)
    ADCPrescTable                            0x20000024   Data           4  stm32f10x_rcc.o(.data)
    .data                                    0x20000028   Section       12  usart2.o(.data)
    .data                                    0x20000034   Section        4  led.o(.data)
    .data                                    0x20000038   Section       12  cjson.o(.data)
    ep                                       0x20000038   Data           4  cjson.o(.data)
    cJSON_malloc                             0x2000003c   Data           4  cjson.o(.data)
    cJSON_free                               0x20000040   Data           4  cjson.o(.data)
    .data                                    0x20000044   Section        4  esp8266.o(.data)
    .data                                    0x20000048   Section        4  stdout.o(.data)
    .data                                    0x2000004c   Section        4  mvars.o(.data)
    .data                                    0x20000050   Section        4  mvars.o(.data)
    .data                                    0x20000054   Section        4  errno.o(.data)
    _errno                                   0x20000054   Data           4  errno.o(.data)
    .bss                                     0x20000058   Section     1280  usart2.o(.bss)
    .bss                                     0x20000558   Section     1024  esp8266.o(.bss)
    HEAP                                     0x20000958   Section     1024  startup_stm32f10x_md.o(HEAP)
    STACK                                    0x20000d58   Section     1024  startup_stm32f10x_md.o(STACK)

    Global Symbols

    Symbol Name                              Value     Ov Type        Size  Object(Section)

    BuildAttributes$$THM_ISAv4$P$D$K$B$S$PE$A:L22UL41UL21$X:L11$S22US41US21$IEEE1$IW$USESV6$~STKCKD$USESV7$~SHL$OTIME$ROPI$IEEEX$EBA8$MICROLIB$REQ8$PRES8$EABIv2 0x00000000   Number         0  anon$$obj.o ABSOLUTE
    __ARM_use_no_argv                        0x00000000   Number         0  main.o ABSOLUTE
    _printf_a                                0x00000000   Number         0  stubs.o ABSOLUTE
    _printf_c                                0x00000000   Number         0  stubs.o ABSOLUTE
    _printf_charcount                        0x00000000   Number         0  stubs.o ABSOLUTE
    _printf_d                                0x00000000   Number         0  stubs.o ABSOLUTE
    _printf_e                                0x00000000   Number         0  stubs.o ABSOLUTE
    _printf_f                                0x00000000   Number         0  stubs.o ABSOLUTE
    _printf_flags                            0x00000000   Number         0  stubs.o ABSOLUTE
    _printf_fp_dec                           0x00000000   Number         0  stubs.o ABSOLUTE
    _printf_fp_hex                           0x00000000   Number         0  stubs.o ABSOLUTE
    _printf_g                                0x00000000   Number         0  stubs.o ABSOLUTE
    _printf_i                                0x00000000   Number         0  stubs.o ABSOLUTE
    _printf_int_dec                          0x00000000   Number         0  stubs.o ABSOLUTE
    _printf_l                                0x00000000   Number         0  stubs.o ABSOLUTE
    _printf_lc                               0x00000000   Number         0  stubs.o ABSOLUTE
    _printf_ll                               0x00000000   Number         0  stubs.o ABSOLUTE
    _printf_lld                              0x00000000   Number         0  stubs.o ABSOLUTE
    _printf_lli                              0x00000000   Number         0  stubs.o ABSOLUTE
    _printf_llo                              0x00000000   Number         0  stubs.o ABSOLUTE
    _printf_llu                              0x00000000   Number         0  stubs.o ABSOLUTE
    _printf_llx                              0x00000000   Number         0  stubs.o ABSOLUTE
    _printf_longlong_dec                     0x00000000   Number         0  stubs.o ABSOLUTE
    _printf_longlong_hex                     0x00000000   Number         0  stubs.o ABSOLUTE
    _printf_longlong_oct                     0x00000000   Number         0  stubs.o ABSOLUTE
    _printf_ls                               0x00000000   Number         0  stubs.o ABSOLUTE
    _printf_mbtowc                           0x00000000   Number         0  stubs.o ABSOLUTE
    _printf_n                                0x00000000   Number         0  stubs.o ABSOLUTE
    _printf_o                                0x00000000   Number         0  stubs.o ABSOLUTE
    _printf_p                                0x00000000   Number         0  stubs.o ABSOLUTE
    _printf_percent                          0x00000000   Number         0  stubs.o ABSOLUTE
    _printf_pre_padding                      0x00000000   Number         0  stubs.o ABSOLUTE
    _printf_return_value                     0x00000000   Number         0  stubs.o ABSOLUTE
    _printf_s                                0x00000000   Number         0  stubs.o ABSOLUTE
    _printf_sizespec                         0x00000000   Number         0  stubs.o ABSOLUTE
    _printf_str                              0x00000000   Number         0  stubs.o ABSOLUTE
    _printf_truncate_signed                  0x00000000   Number         0  stubs.o ABSOLUTE
    _printf_truncate_unsigned                0x00000000   Number         0  stubs.o ABSOLUTE
    _printf_u                                0x00000000   Number         0  stubs.o ABSOLUTE
    _printf_wc                               0x00000000   Number         0  stubs.o ABSOLUTE
    _printf_wctomb                           0x00000000   Number         0  stubs.o ABSOLUTE
    _printf_widthprec                        0x00000000   Number         0  stubs.o ABSOLUTE
    _printf_x                                0x00000000   Number         0  stubs.o ABSOLUTE
    __cpp_initialize__aeabi_                  - Undefined Weak Reference
    __cxa_finalize                            - Undefined Weak Reference
    __decompress                              - Undefined Weak Reference
    _clock_init                               - Undefined Weak Reference
    _microlib_exit                            - Undefined Weak Reference
    __Vectors_Size                           0x000000ec   Number         0  startup_stm32f10x_md.o ABSOLUTE
    __Vectors                                0x08000000   Data           4  startup_stm32f10x_md.o(RESET)
    __Vectors_End                            0x080000ec   Data           0  startup_stm32f10x_md.o(RESET)
    __main                                   0x080000ed   Thumb Code     0  entry.o(.ARM.Collect$$$$00000000)
    _main_stk                                0x080000ed   Thumb Code     0  entry2.o(.ARM.Collect$$$$00000001)
    _main_scatterload                        0x080000f1   Thumb Code     0  entry5.o(.ARM.Collect$$$$00000004)
    __main_after_scatterload                 0x080000f5   Thumb Code     0  entry5.o(.ARM.Collect$$$$00000004)
    _main_clock                              0x080000f5   Thumb Code     0  entry7b.o(.ARM.Collect$$$$00000008)
    _main_cpp_init                           0x080000f5   Thumb Code     0  entry8b.o(.ARM.Collect$$$$0000000A)
    _main_init                               0x080000f5   Thumb Code     0  entry9a.o(.ARM.Collect$$$$0000000B)
    __rt_final_cpp                           0x080000fd   Thumb Code     0  entry10a.o(.ARM.Collect$$$$0000000D)
    __rt_final_exit                          0x080000fd   Thumb Code     0  entry11a.o(.ARM.Collect$$$$0000000F)
    SystemInit                               0x080001df   Thumb Code    78  system_stm32f10x.o(.text)
    SystemCoreClockUpdate                    0x0800022d   Thumb Code   142  system_stm32f10x.o(.text)
    Reset_Handler                            0x080002e9   Thumb Code     8  startup_stm32f10x_md.o(.text)
    ADC1_2_IRQHandler                        0x08000303   Thumb Code     0  startup_stm32f10x_md.o(.text)
    CAN1_RX1_IRQHandler                      0x08000303   Thumb Code     0  startup_stm32f10x_md.o(.text)
    CAN1_SCE_IRQHandler                      0x08000303   Thumb Code     0  startup_stm32f10x_md.o(.text)
    DMA1_Channel1_IRQHandler                 0x08000303   Thumb Code     0  startup_stm32f10x_md.o(.text)
    DMA1_Channel2_IRQHandler                 0x08000303   Thumb Code     0  startup_stm32f10x_md.o(.text)
    DMA1_Channel3_IRQHandler                 0x08000303   Thumb Code     0  startup_stm32f10x_md.o(.text)
    DMA1_Channel4_IRQHandler                 0x08000303   Thumb Code     0  startup_stm32f10x_md.o(.text)
    DMA1_Channel5_IRQHandler                 0x08000303   Thumb Code     0  startup_stm32f10x_md.o(.text)
    DMA1_Channel6_IRQHandler                 0x08000303   Thumb Code     0  startup_stm32f10x_md.o(.text)
    DMA1_Channel7_IRQHandler                 0x08000303   Thumb Code     0  startup_stm32f10x_md.o(.text)
    EXTI15_10_IRQHandler                     0x08000303   Thumb Code     0  startup_stm32f10x_md.o(.text)
    EXTI1_IRQHandler                         0x08000303   Thumb Code     0  startup_stm32f10x_md.o(.text)
    EXTI2_IRQHandler                         0x08000303   Thumb Code     0  startup_stm32f10x_md.o(.text)
    EXTI3_IRQHandler                         0x08000303   Thumb Code     0  startup_stm32f10x_md.o(.text)
    EXTI4_IRQHandler                         0x08000303   Thumb Code     0  startup_stm32f10x_md.o(.text)
    EXTI9_5_IRQHandler                       0x08000303   Thumb Code     0  startup_stm32f10x_md.o(.text)
    FLASH_IRQHandler                         0x08000303   Thumb Code     0  startup_stm32f10x_md.o(.text)
    I2C1_ER_IRQHandler                       0x08000303   Thumb Code     0  startup_stm32f10x_md.o(.text)
    I2C1_EV_IRQHandler                       0x08000303   Thumb Code     0  startup_stm32f10x_md.o(.text)
    I2C2_ER_IRQHandler                       0x08000303   Thumb Code     0  startup_stm32f10x_md.o(.text)
    I2C2_EV_IRQHandler                       0x08000303   Thumb Code     0  startup_stm32f10x_md.o(.text)
    PVD_IRQHandler                           0x08000303   Thumb Code     0  startup_stm32f10x_md.o(.text)
    RCC_IRQHandler                           0x08000303   Thumb Code     0  startup_stm32f10x_md.o(.text)
    RTCAlarm_IRQHandler                      0x08000303   Thumb Code     0  startup_stm32f10x_md.o(.text)
    SPI1_IRQHandler                          0x08000303   Thumb Code     0  startup_stm32f10x_md.o(.text)
    SPI2_IRQHandler                          0x08000303   Thumb Code     0  startup_stm32f10x_md.o(.text)
    TAMPER_IRQHandler                        0x08000303   Thumb Code     0  startup_stm32f10x_md.o(.text)
    TIM1_BRK_IRQHandler                      0x08000303   Thumb Code     0  startup_stm32f10x_md.o(.text)
    TIM1_CC_IRQHandler                       0x08000303   Thumb Code     0  startup_stm32f10x_md.o(.text)
    TIM1_TRG_COM_IRQHandler                  0x08000303   Thumb Code     0  startup_stm32f10x_md.o(.text)
    TIM1_UP_IRQHandler                       0x08000303   Thumb Code     0  startup_stm32f10x_md.o(.text)
    TIM2_IRQHandler                          0x08000303   Thumb Code     0  startup_stm32f10x_md.o(.text)
    TIM3_IRQHandler                          0x08000303   Thumb Code     0  startup_stm32f10x_md.o(.text)
    TIM4_IRQHandler                          0x08000303   Thumb Code     0  startup_stm32f10x_md.o(.text)
    USART3_IRQHandler                        0x08000303   Thumb Code     0  startup_stm32f10x_md.o(.text)
    USBWakeUp_IRQHandler                     0x08000303   Thumb Code     0  startup_stm32f10x_md.o(.text)
    USB_HP_CAN1_TX_IRQHandler                0x08000303   Thumb Code     0  startup_stm32f10x_md.o(.text)
    USB_LP_CAN1_RX0_IRQHandler               0x08000303   Thumb Code     0  startup_stm32f10x_md.o(.text)
    WWDG_IRQHandler                          0x08000303   Thumb Code     0  startup_stm32f10x_md.o(.text)
    main                                     0x0800030d   Thumb Code    72  main.o(.text)
    NMI_Handler                              0x0800037d   Thumb Code     2  stm32f10x_it.o(.text)
    HardFault_Handler                        0x0800037f   Thumb Code     4  stm32f10x_it.o(.text)
    MemManage_Handler                        0x08000383   Thumb Code     4  stm32f10x_it.o(.text)
    BusFault_Handler                         0x08000387   Thumb Code     4  stm32f10x_it.o(.text)
    UsageFault_Handler                       0x0800038b   Thumb Code     4  stm32f10x_it.o(.text)
    SVC_Handler                              0x0800038f   Thumb Code     2  stm32f10x_it.o(.text)
    DebugMon_Handler                         0x08000391   Thumb Code     2  stm32f10x_it.o(.text)
    PendSV_Handler                           0x08000393   Thumb Code     2  stm32f10x_it.o(.text)
    SysTick_Handler                          0x08000395   Thumb Code     2  stm32f10x_it.o(.text)
    EXTI0_IRQHandler                         0x08000397   Thumb Code     2  stm32f10x_it.o(.text)
    USART1_IRQHandler                        0x08000399   Thumb Code     2  stm32f10x_it.o(.text)
    USART2_IRQHandler                        0x0800039b   Thumb Code   122  stm32f10x_it.o(.text)
    RTC_IRQHandler                           0x08000415   Thumb Code     2  stm32f10x_it.o(.text)
    NVIC_PriorityGroupConfig                 0x08000431   Thumb Code    10  misc.o(.text)
    NVIC_Init                                0x0800043b   Thumb Code   100  misc.o(.text)
    NVIC_SetVectorTable                      0x0800049f   Thumb Code    14  misc.o(.text)
    NVIC_SystemLPConfig                      0x080004ad   Thumb Code    34  misc.o(.text)
    SysTick_CLKSourceConfig                  0x080004cf   Thumb Code    40  misc.o(.text)
    GPIO_DeInit                              0x0800050d   Thumb Code   172  stm32f10x_gpio.o(.text)
    GPIO_AFIODeInit                          0x080005b9   Thumb Code    20  stm32f10x_gpio.o(.text)
    GPIO_Init                                0x080005cd   Thumb Code   278  stm32f10x_gpio.o(.text)
    GPIO_StructInit                          0x080006e3   Thumb Code    16  stm32f10x_gpio.o(.text)
    GPIO_ReadInputDataBit                    0x080006f3   Thumb Code    18  stm32f10x_gpio.o(.text)
    GPIO_ReadInputData                       0x08000705   Thumb Code     8  stm32f10x_gpio.o(.text)
    GPIO_ReadOutputDataBit                   0x0800070d   Thumb Code    18  stm32f10x_gpio.o(.text)
    GPIO_ReadOutputData                      0x0800071f   Thumb Code     8  stm32f10x_gpio.o(.text)
    GPIO_SetBits                             0x08000727   Thumb Code     4  stm32f10x_gpio.o(.text)
    GPIO_ResetBits                           0x0800072b   Thumb Code     4  stm32f10x_gpio.o(.text)
    GPIO_WriteBit                            0x0800072f   Thumb Code    10  stm32f10x_gpio.o(.text)
    GPIO_Write                               0x08000739   Thumb Code     4  stm32f10x_gpio.o(.text)
    GPIO_PinLockConfig                       0x0800073d   Thumb Code    18  stm32f10x_gpio.o(.text)
    GPIO_EventOutputConfig                   0x0800074f   Thumb Code    26  stm32f10x_gpio.o(.text)
    GPIO_EventOutputCmd                      0x08000769   Thumb Code     6  stm32f10x_gpio.o(.text)
    GPIO_PinRemapConfig                      0x0800076f   Thumb Code   138  stm32f10x_gpio.o(.text)
    GPIO_EXTILineConfig                      0x080007f9   Thumb Code    66  stm32f10x_gpio.o(.text)
    GPIO_ETH_MediaInterfaceConfig            0x0800083b   Thumb Code     8  stm32f10x_gpio.o(.text)
    I2C_DeInit                               0x08000869   Thumb Code    50  stm32f10x_i2c.o(.text)
    I2C_Init                                 0x0800089b   Thumb Code   222  stm32f10x_i2c.o(.text)
    I2C_StructInit                           0x08000979   Thumb Code    30  stm32f10x_i2c.o(.text)
    I2C_Cmd                                  0x08000997   Thumb Code    24  stm32f10x_i2c.o(.text)
    I2C_DMACmd                               0x080009af   Thumb Code    24  stm32f10x_i2c.o(.text)
    I2C_DMALastTransferCmd                   0x080009c7   Thumb Code    24  stm32f10x_i2c.o(.text)
    I2C_GenerateSTART                        0x080009df   Thumb Code    24  stm32f10x_i2c.o(.text)
    I2C_GenerateSTOP                         0x080009f7   Thumb Code    24  stm32f10x_i2c.o(.text)
    I2C_AcknowledgeConfig                    0x08000a0f   Thumb Code    24  stm32f10x_i2c.o(.text)
    I2C_OwnAddress2Config                    0x08000a27   Thumb Code    22  stm32f10x_i2c.o(.text)
    I2C_DualAddressCmd                       0x08000a3d   Thumb Code    24  stm32f10x_i2c.o(.text)
    I2C_GeneralCallCmd                       0x08000a55   Thumb Code    24  stm32f10x_i2c.o(.text)
    I2C_ITConfig                             0x08000a6d   Thumb Code    18  stm32f10x_i2c.o(.text)
    I2C_SendData                             0x08000a7f   Thumb Code     4  stm32f10x_i2c.o(.text)
    I2C_ReceiveData                          0x08000a83   Thumb Code     8  stm32f10x_i2c.o(.text)
    I2C_Send7bitAddress                      0x08000a8b   Thumb Code    18  stm32f10x_i2c.o(.text)
    I2C_ReadRegister                         0x08000a9d   Thumb Code    22  stm32f10x_i2c.o(.text)
    I2C_SoftwareResetCmd                     0x08000ab3   Thumb Code    22  stm32f10x_i2c.o(.text)
    I2C_NACKPositionConfig                   0x08000ac9   Thumb Code    28  stm32f10x_i2c.o(.text)
    I2C_SMBusAlertConfig                     0x08000ae5   Thumb Code    28  stm32f10x_i2c.o(.text)
    I2C_TransmitPEC                          0x08000b01   Thumb Code    24  stm32f10x_i2c.o(.text)
    I2C_PECPositionConfig                    0x08000b19   Thumb Code    28  stm32f10x_i2c.o(.text)
    I2C_CalculatePEC                         0x08000b35   Thumb Code    24  stm32f10x_i2c.o(.text)
    I2C_GetPEC                               0x08000b4d   Thumb Code     8  stm32f10x_i2c.o(.text)
    I2C_ARPCmd                               0x08000b55   Thumb Code    24  stm32f10x_i2c.o(.text)
    I2C_StretchClockCmd                      0x08000b6d   Thumb Code    24  stm32f10x_i2c.o(.text)
    I2C_FastModeDutyCycleConfig              0x08000b85   Thumb Code    28  stm32f10x_i2c.o(.text)
    I2C_CheckEvent                           0x08000ba1   Thumb Code    42  stm32f10x_i2c.o(.text)
    I2C_GetLastEvent                         0x08000bcb   Thumb Code    26  stm32f10x_i2c.o(.text)
    I2C_GetFlagStatus                        0x08000be5   Thumb Code    58  stm32f10x_i2c.o(.text)
    I2C_ClearFlag                            0x08000c1f   Thumb Code    12  stm32f10x_i2c.o(.text)
    I2C_GetITStatus                          0x08000c2b   Thumb Code    54  stm32f10x_i2c.o(.text)
    I2C_ClearITPendingBit                    0x08000c61   Thumb Code    12  stm32f10x_i2c.o(.text)
    RCC_DeInit                               0x08000c6d   Thumb Code    64  stm32f10x_rcc.o(.text)
    RCC_HSEConfig                            0x08000cad   Thumb Code    70  stm32f10x_rcc.o(.text)
    RCC_GetFlagStatus                        0x08000cf3   Thumb Code    56  stm32f10x_rcc.o(.text)
    RCC_WaitForHSEStartUp                    0x08000d2b   Thumb Code    56  stm32f10x_rcc.o(.text)
    RCC_AdjustHSICalibrationValue            0x08000d63   Thumb Code    20  stm32f10x_rcc.o(.text)
    RCC_HSICmd                               0x08000d77   Thumb Code     6  stm32f10x_rcc.o(.text)
    RCC_PLLConfig                            0x08000d7d   Thumb Code    24  stm32f10x_rcc.o(.text)
    RCC_PLLCmd                               0x08000d95   Thumb Code     6  stm32f10x_rcc.o(.text)
    RCC_SYSCLKConfig                         0x08000d9b   Thumb Code    18  stm32f10x_rcc.o(.text)
    RCC_GetSYSCLKSource                      0x08000dad   Thumb Code    10  stm32f10x_rcc.o(.text)
    RCC_HCLKConfig                           0x08000db7   Thumb Code    18  stm32f10x_rcc.o(.text)
    RCC_PCLK1Config                          0x08000dc9   Thumb Code    18  stm32f10x_rcc.o(.text)
    RCC_PCLK2Config                          0x08000ddb   Thumb Code    20  stm32f10x_rcc.o(.text)
    RCC_ITConfig                             0x08000def   Thumb Code    26  stm32f10x_rcc.o(.text)
    RCC_USBCLKConfig                         0x08000e09   Thumb Code     8  stm32f10x_rcc.o(.text)
    RCC_ADCCLKConfig                         0x08000e11   Thumb Code    18  stm32f10x_rcc.o(.text)
    RCC_LSEConfig                            0x08000e23   Thumb Code    50  stm32f10x_rcc.o(.text)
    RCC_LSICmd                               0x08000e55   Thumb Code     6  stm32f10x_rcc.o(.text)
    RCC_RTCCLKConfig                         0x08000e5b   Thumb Code    12  stm32f10x_rcc.o(.text)
    RCC_RTCCLKCmd                            0x08000e67   Thumb Code     8  stm32f10x_rcc.o(.text)
    RCC_GetClocksFreq                        0x08000e6f   Thumb Code   192  stm32f10x_rcc.o(.text)
    RCC_AHBPeriphClockCmd                    0x08000f2f   Thumb Code    26  stm32f10x_rcc.o(.text)
    RCC_APB2PeriphClockCmd                   0x08000f49   Thumb Code    26  stm32f10x_rcc.o(.text)
    RCC_APB1PeriphClockCmd                   0x08000f63   Thumb Code    26  stm32f10x_rcc.o(.text)
    RCC_APB2PeriphResetCmd                   0x08000f7d   Thumb Code    26  stm32f10x_rcc.o(.text)
    RCC_APB1PeriphResetCmd                   0x08000f97   Thumb Code    26  stm32f10x_rcc.o(.text)
    RCC_BackupResetCmd                       0x08000fb1   Thumb Code     8  stm32f10x_rcc.o(.text)
    RCC_ClockSecuritySystemCmd               0x08000fb9   Thumb Code     6  stm32f10x_rcc.o(.text)
    RCC_MCOConfig                            0x08000fbf   Thumb Code     6  stm32f10x_rcc.o(.text)
    RCC_ClearFlag                            0x08000fc5   Thumb Code    14  stm32f10x_rcc.o(.text)
    RCC_GetITStatus                          0x08000fd3   Thumb Code    20  stm32f10x_rcc.o(.text)
    RCC_ClearITPendingBit                    0x08000fe7   Thumb Code     6  stm32f10x_rcc.o(.text)
    USART_DeInit                             0x08001019   Thumb Code   134  stm32f10x_usart.o(.text)
    USART_Init                               0x0800109f   Thumb Code   210  stm32f10x_usart.o(.text)
    USART_StructInit                         0x08001171   Thumb Code    24  stm32f10x_usart.o(.text)
    USART_ClockInit                          0x08001189   Thumb Code    34  stm32f10x_usart.o(.text)
    USART_ClockStructInit                    0x080011ab   Thumb Code    12  stm32f10x_usart.o(.text)
    USART_Cmd                                0x080011b7   Thumb Code    24  stm32f10x_usart.o(.text)
    USART_ITConfig                           0x080011cf   Thumb Code    74  stm32f10x_usart.o(.text)
    USART_DMACmd                             0x08001219   Thumb Code    18  stm32f10x_usart.o(.text)
    USART_SetAddress                         0x0800122b   Thumb Code    18  stm32f10x_usart.o(.text)
    USART_WakeUpConfig                       0x0800123d   Thumb Code    18  stm32f10x_usart.o(.text)
    USART_ReceiverWakeUpCmd                  0x0800124f   Thumb Code    24  stm32f10x_usart.o(.text)
    USART_LINBreakDetectLengthConfig         0x08001267   Thumb Code    18  stm32f10x_usart.o(.text)
    USART_LINCmd                             0x08001279   Thumb Code    24  stm32f10x_usart.o(.text)
    USART_SendData                           0x08001291   Thumb Code     8  stm32f10x_usart.o(.text)
    USART_ReceiveData                        0x08001299   Thumb Code    10  stm32f10x_usart.o(.text)
    USART_SendBreak                          0x080012a3   Thumb Code    10  stm32f10x_usart.o(.text)
    USART_SetGuardTime                       0x080012ad   Thumb Code    16  stm32f10x_usart.o(.text)
    USART_SetPrescaler                       0x080012bd   Thumb Code    16  stm32f10x_usart.o(.text)
    USART_SmartCardCmd                       0x080012cd   Thumb Code    24  stm32f10x_usart.o(.text)
    USART_SmartCardNACKCmd                   0x080012e5   Thumb Code    24  stm32f10x_usart.o(.text)
    USART_HalfDuplexCmd                      0x080012fd   Thumb Code    24  stm32f10x_usart.o(.text)
    USART_OverSampling8Cmd                   0x08001315   Thumb Code    22  stm32f10x_usart.o(.text)
    USART_OneBitMethodCmd                    0x0800132b   Thumb Code    24  stm32f10x_usart.o(.text)
    USART_IrDAConfig                         0x08001343   Thumb Code    18  stm32f10x_usart.o(.text)
    USART_IrDACmd                            0x08001355   Thumb Code    24  stm32f10x_usart.o(.text)
    USART_GetFlagStatus                      0x0800136d   Thumb Code    26  stm32f10x_usart.o(.text)
    USART_ClearFlag                          0x08001387   Thumb Code    18  stm32f10x_usart.o(.text)
    USART_GetITStatus                        0x08001399   Thumb Code    84  stm32f10x_usart.o(.text)
    USART_ClearITPendingBit                  0x080013ed   Thumb Code    52  stm32f10x_usart.o(.text)
    fputc                                    0x08001421   Thumb Code    32  usart1.o(.text)
    USART1_Init                              0x08001441   Thumb Code   152  usart1.o(.text)
    usart1_write                             0x080014d9   Thumb Code    50  usart1.o(.text)
    USART2_Init                              0x08001515   Thumb Code   158  usart2.o(.text)
    usart2_write                             0x080015b3   Thumb Code    56  usart2.o(.text)
    mDelay1                                  0x080015f5   Thumb Code    26  led.o(.text)
    LED_Init                                 0x0800160f   Thumb Code    40  led.o(.text)
    LED_CmdCtl                               0x08001637   Thumb Code   204  led.o(.text)
    LED_Switch                               0x08001703   Thumb Code   170  led.o(.text)
    LED_GetValue                             0x080017ad   Thumb Code   104  led.o(.text)
    SHT20_reset                              0x0800186d   Thumb Code    16  sht20.o(.text)
    SHT20_read_user_reg                      0x0800187d   Thumb Code    24  sht20.o(.text)
    SHT20_write_user_reg                     0x08001895   Thumb Code    16  sht20.o(.text)
    SHT2x_CheckCrc                           0x080018a5   Thumb Code    70  sht20.o(.text)
    SHT2x_CalcRH                             0x080018eb   Thumb Code    56  sht20.o(.text)
    SHT2x_CalcTemperatureC                   0x08001923   Thumb Code    56  sht20.o(.text)
    SHT2x_MeasureHM                          0x0800195b   Thumb Code   416  sht20.o(.text)
    SHT2x_GetSerialNumber                    0x08001afb   Thumb Code   870  sht20.o(.text)
    SHT20_loop                               0x08001e61   Thumb Code   144  sht20.o(.text)
    GPIO_I2C_Configuration                   0x08001f35   Thumb Code    68  hal_i2c.o(.text)
    I2C_Configuration                        0x08001f79   Thumb Code    88  hal_i2c.o(.text)
    Check_I2C_Device_Ready                   0x08001fd1   Thumb Code    12  hal_i2c.o(.text)
    Hal_I2C_Init                             0x08001fdd   Thumb Code    30  hal_i2c.o(.text)
    Hal_I2C_ByteWrite                        0x08001ffb   Thumb Code   148  hal_i2c.o(.text)
    Hal_I2C_ByteRead                         0x0800208f   Thumb Code   196  hal_i2c.o(.text)
    Hal_I2C_MutiRead                         0x08002153   Thumb Code   212  hal_i2c.o(.text)
    cJSON_GetErrorPtr                        0x08002255   Thumb Code     6  cjson.o(.text)
    cJSON_InitHooks                          0x080022d1   Thumb Code    48  cjson.o(.text)
    cJSON_Delete                             0x0800231b   Thumb Code    82  cjson.o(.text)
    cJSON_ParseWithOpts                      0x08002ec5   Thumb Code    96  cjson.o(.text)
    cJSON_Parse                              0x08002f25   Thumb Code    16  cjson.o(.text)
    cJSON_Print                              0x080036b5   Thumb Code    18  cjson.o(.text)
    cJSON_PrintUnformatted                   0x080036c7   Thumb Code    18  cjson.o(.text)
    cJSON_PrintBuffered                      0x080036d9   Thumb Code    54  cjson.o(.text)
    cJSON_GetArraySize                       0x0800370f   Thumb Code    18  cjson.o(.text)
    cJSON_GetArrayItem                       0x08003721   Thumb Code    18  cjson.o(.text)
    cJSON_GetObjectItem                      0x08003733   Thumb Code    30  cjson.o(.text)
    cJSON_AddItemToArray                     0x08003787   Thumb Code    42  cjson.o(.text)
    cJSON_AddItemToObject                    0x080037b1   Thumb Code    44  cjson.o(.text)
    cJSON_AddItemToObjectCS                  0x080037dd   Thumb Code    54  cjson.o(.text)
    cJSON_AddItemReferenceToArray            0x08003813   Thumb Code    24  cjson.o(.text)
    cJSON_AddItemReferenceToObject           0x0800382b   Thumb Code    32  cjson.o(.text)
    cJSON_DetachItemFromArray                0x0800384b   Thumb Code    66  cjson.o(.text)
    cJSON_DeleteItemFromArray                0x0800388d   Thumb Code    22  cjson.o(.text)
    cJSON_DetachItemFromObject               0x080038a3   Thumb Code    50  cjson.o(.text)
    cJSON_DeleteItemFromObject               0x080038d5   Thumb Code    22  cjson.o(.text)
    cJSON_InsertItemInArray                  0x080038eb   Thumb Code    64  cjson.o(.text)
    cJSON_ReplaceItemInArray                 0x0800392b   Thumb Code    76  cjson.o(.text)
    cJSON_ReplaceItemInObject                0x08003977   Thumb Code    62  cjson.o(.text)
    cJSON_CreateNull                         0x080039b5   Thumb Code    18  cjson.o(.text)
    cJSON_CreateTrue                         0x080039c7   Thumb Code    18  cjson.o(.text)
    cJSON_CreateFalse                        0x080039d9   Thumb Code    18  cjson.o(.text)
    cJSON_CreateBool                         0x080039eb   Thumb Code    26  cjson.o(.text)
    cJSON_CreateNumber                       0x08003a05   Thumb Code    36  cjson.o(.text)
    cJSON_CreateString                       0x08003a29   Thumb Code    28  cjson.o(.text)
    cJSON_CreateArray                        0x08003a45   Thumb Code    18  cjson.o(.text)
    cJSON_CreateObject                       0x08003a57   Thumb Code    18  cjson.o(.text)
    cJSON_CreateIntArray                     0x08003a69   Thumb Code    68  cjson.o(.text)
    cJSON_CreateFloatArray                   0x08003aad   Thumb Code    68  cjson.o(.text)
    cJSON_CreateDoubleArray                  0x08003af1   Thumb Code    68  cjson.o(.text)
    cJSON_CreateStringArray                  0x08003b35   Thumb Code    62  cjson.o(.text)
    cJSON_Duplicate                          0x08003b73   Thumb Code   180  cjson.o(.text)
    cJSON_Minify                             0x08003c27   Thumb Code   186  cjson.o(.text)
    assert                                   0x08003ce1   Thumb Code     2  edpkit.o(.text)
    NewBuffer                                0x08003ce9   Thumb Code    36  edpkit.o(.text)
    DeleteBuffer                             0x08003d0d   Thumb Code    26  edpkit.o(.text)
    CheckCapacity                            0x08003d27   Thumb Code    90  edpkit.o(.text)
    ReadByte                                 0x08003d81   Thumb Code    36  edpkit.o(.text)
    ReadBytes                                0x08003da5   Thumb Code    56  edpkit.o(.text)
    ReadUint16                               0x08003ddd   Thumb Code    54  edpkit.o(.text)
    ReadUint32                               0x08003e13   Thumb Code    54  edpkit.o(.text)
    ReadStr                                  0x08003e49   Thumb Code   102  edpkit.o(.text)
    ReadRemainlen                            0x08003eaf   Thumb Code    84  edpkit.o(.text)
    WriteByte                                0x08003f03   Thumb Code    54  edpkit.o(.text)
    WriteBytes                               0x08003f39   Thumb Code    64  edpkit.o(.text)
    WriteUint16                              0x08003f79   Thumb Code    50  edpkit.o(.text)
    WriteUint32                              0x08003fab   Thumb Code    74  edpkit.o(.text)
    WriteStr                                 0x08003ff5   Thumb Code    62  edpkit.o(.text)
    WriteRemainlen                           0x08004033   Thumb Code    80  edpkit.o(.text)
    PacketConnect1                           0x08004083   Thumb Code   106  edpkit.o(.text)
    PacketConnect2                           0x080040ed   Thumb Code   124  edpkit.o(.text)
    PacketPushdata                           0x08004169   Thumb Code    70  edpkit.o(.text)
    PacketSavedataJson                       0x080041af   Thumb Code   142  edpkit.o(.text)
    PacketSavedataInt                        0x08004719   Thumb Code    98  edpkit.o(.text)
    PacketSavedataDouble                     0x0800477b   Thumb Code   112  edpkit.o(.text)
    PacketSavedataString                     0x080047eb   Thumb Code    98  edpkit.o(.text)
    UnpackSavedataJson                       0x0800484d   Thumb Code    68  edpkit.o(.text)
    UnpackSavedataInt                        0x08004de3   Thumb Code    88  edpkit.o(.text)
    UnpackSavedataDouble                     0x08004e3b   Thumb Code    88  edpkit.o(.text)
    UnpackSavedataString                     0x08004e93   Thumb Code    88  edpkit.o(.text)
    UnpackSavedataAck                        0x08004eeb   Thumb Code    86  edpkit.o(.text)
    PacketSavedataBin                        0x08004f41   Thumb Code   200  edpkit.o(.text)
    PacketSavedataBinStr                     0x08005009   Thumb Code   182  edpkit.o(.text)
    PacketCmdResp                            0x080050bf   Thumb Code    98  edpkit.o(.text)
    PacketPing                               0x08005121   Thumb Code    30  edpkit.o(.text)
    IsPkgComplete                            0x0800513f   Thumb Code    98  edpkit.o(.text)
    GetEdpPacket                             0x080051a1   Thumb Code    80  edpkit.o(.text)
    EdpPacketType                            0x080051f1   Thumb Code    22  edpkit.o(.text)
    UnpackConnectResp                        0x08005207   Thumb Code    76  edpkit.o(.text)
    UnpackPushdata                           0x08005253   Thumb Code   102  edpkit.o(.text)
    UnpackSavedata                           0x080052b9   Thumb Code    88  edpkit.o(.text)
    UnpackSavedataBin                        0x08005311   Thumb Code   108  edpkit.o(.text)
    UnpackSavedataBinStr                     0x0800537d   Thumb Code    88  edpkit.o(.text)
    UnpackCmdReq                             0x080053d5   Thumb Code   128  edpkit.o(.text)
    UnpackPingResp                           0x08005455   Thumb Code    44  edpkit.o(.text)
    PacketSavedataSimpleString               0x08005481   Thumb Code   120  edpkit.o(.text)
    UnpackSavedataSimpleString               0x080054f9   Thumb Code    26  edpkit.o(.text)
    ESP8266_Rst                              0x08005519   Thumb Code    66  esp8266.o(.text)
    SendCmd                                  0x0800555b   Thumb Code    78  esp8266.o(.text)
    ESP8266_Init                             0x080055a9   Thumb Code   204  esp8266.o(.text)
    GetSendBuf                               0x08005675   Thumb Code   298  esp8266.o(.text)
    ESP8266_DevLink                          0x0800579f   Thumb Code   896  esp8266.o(.text)
    ESP8266_CheckStatus                      0x08005b1f   Thumb Code   154  esp8266.o(.text)
    ESP8266_SendDat                          0x08005bb9   Thumb Code   152  esp8266.o(.text)
    hexdump                                  0x08005d7d   Thumb Code    46  utils.o(.text)
    prvucMBBIN2CHAR                          0x08005dab   Thumb Code    34  utils.o(.text)
    usMBCRC16                                0x08005dcd   Thumb Code    48  utils.o(.text)
    mDelay                                   0x08005dfd   Thumb Code    26  utils.o(.text)
    uDelay                                   0x08005e17   Thumb Code    18  utils.o(.text)
    tolower                                  0x08005e3d   Thumb Code    12  tolower.o(.text)
    ___aeabi_memcpy8$move                    0x08005e49   Thumb Code     0  memmovea.o(.text)
    __aeabi_memcpy                           0x08005e49   Thumb Code    64  memmovea.o(.text)
    __aeabi_memcpy4                          0x08005e49   Thumb Code     0  memmovea.o(.text)
    __aeabi_memmove                          0x08005e49   Thumb Code     0  memmovea.o(.text)
    __aeabi_memmove4                         0x08005e49   Thumb Code     0  memmovea.o(.text)
    __aeabi_memmove8                         0x08005e49   Thumb Code     0  memmovea.o(.text)
    __aeabi_memset                           0x08005e89   Thumb Code    14  memseta.o(.text)
    __aeabi_memset4                          0x08005e89   Thumb Code     0  memseta.o(.text)
    __aeabi_memset8                          0x08005e89   Thumb Code     0  memseta.o(.text)
    __aeabi_memclr                           0x08005e97   Thumb Code     4  memseta.o(.text)
    __aeabi_memclr4                          0x08005e97   Thumb Code     0  memseta.o(.text)
    __aeabi_memclr8                          0x08005e97   Thumb Code     0  memseta.o(.text)
    _memset$wrapper                          0x08005e9b   Thumb Code    18  memseta.o(.text)
    strcat                                   0x08005ead   Thumb Code    24  strcat.o(.text)
    strstr                                   0x08005ec5   Thumb Code    36  strstr.o(.text)
    strncpy                                  0x08005ee9   Thumb Code    24  strncpy.o(.text)
    strchr                                   0x08005f01   Thumb Code    20  strchr.o(.text)
    strlen                                   0x08005f15   Thumb Code    14  strlen.o(.text)
    strcpy                                   0x08005f23   Thumb Code    18  strcpy.o(.text)
    strncmp                                  0x08005f35   Thumb Code    30  strncmp.o(.text)
    __aeabi_dadd                             0x08005f53   Thumb Code   322  dadd.o(.text)
    __aeabi_dsub                             0x08006095   Thumb Code     6  dadd.o(.text)
    __aeabi_drsub                            0x0800609b   Thumb Code     6  dadd.o(.text)
    __aeabi_dmul                             0x080060a1   Thumb Code   228  dmul.o(.text)
    __aeabi_i2f                              0x08006185   Thumb Code    18  fflti.o(.text)
    __aeabi_ui2f                             0x08006197   Thumb Code    10  ffltui.o(.text)
    __aeabi_i2d                              0x080061a1   Thumb Code    34  dflti.o(.text)
    __aeabi_f2uiz                            0x080061c3   Thumb Code    40  ffixui.o(.text)
    __aeabi_d2iz                             0x080061eb   Thumb Code    62  dfixi.o(.text)
    __aeabi_f2d                              0x08006229   Thumb Code    38  f2d.o(.text)
    __aeabi_cdcmpeq                          0x08006251   Thumb Code     0  cdcmple.o(.text)
    __aeabi_cdcmple                          0x08006251   Thumb Code    48  cdcmple.o(.text)
    __aeabi_cdrcmple                         0x08006281   Thumb Code    48  cdrcmple.o(.text)
    __aeabi_d2f                              0x080062b1   Thumb Code    56  d2f.o(.text)
    __aeabi_uidiv                            0x080062e9   Thumb Code     0  uidiv.o(.text)
    __aeabi_uidivmod                         0x080062e9   Thumb Code    44  uidiv.o(.text)
    __aeabi_uldivmod                         0x08006315   Thumb Code    98  uldiv.o(.text)
    __aeabi_llsl                             0x08006377   Thumb Code    30  llshl.o(.text)
    _ll_shift_l                              0x08006377   Thumb Code     0  llshl.o(.text)
    __aeabi_llsr                             0x08006395   Thumb Code    32  llushr.o(.text)
    _ll_ushift_r                             0x08006395   Thumb Code     0  llushr.o(.text)
    __aeabi_lasr                             0x080063b5   Thumb Code    36  llsshr.o(.text)
    _ll_sshift_r                             0x080063b5   Thumb Code     0  llsshr.o(.text)
    __I$use$fp                               0x080063d9   Thumb Code     0  iusefp.o(.text)
    _float_round                             0x080063d9   Thumb Code    18  fepilogue.o(.text)
    _float_epilogue                          0x080063eb   Thumb Code    92  fepilogue.o(.text)
    _double_round                            0x08006447   Thumb Code    30  depilogue.o(.text)
    _double_epilogue                         0x08006465   Thumb Code   156  depilogue.o(.text)
    __aeabi_ddiv                             0x08006501   Thumb Code   222  ddiv.o(.text)
    __ARM_scalbn                             0x080065df   Thumb Code    46  dscalb.o(.text)
    scalbn                                   0x080065df   Thumb Code     0  dscalb.o(.text)
    __aeabi_d2ulz                            0x0800660d   Thumb Code    48  dfixul.o(.text)
    __scatterload                            0x0800663d   Thumb Code    28  init.o(.text)
    __scatterload_rt2                        0x0800663d   Thumb Code     0  init.o(.text)
    _dsqrt                                   0x08006661   Thumb Code   162  dsqrt.o(.text)
    __0printf                                0x08006705   Thumb Code    22  printfa.o(i.__0printf)
    __1printf                                0x08006705   Thumb Code     0  printfa.o(i.__0printf)
    __2printf                                0x08006705   Thumb Code     0  printfa.o(i.__0printf)
    __c89printf                              0x08006705   Thumb Code     0  printfa.o(i.__0printf)
    printf                                   0x08006705   Thumb Code     0  printfa.o(i.__0printf)
    __0sprintf                               0x08006725   Thumb Code    34  printfa.o(i.__0sprintf)
    __1sprintf                               0x08006725   Thumb Code     0  printfa.o(i.__0sprintf)
    __2sprintf                               0x08006725   Thumb Code     0  printfa.o(i.__0sprintf)
    __c89sprintf                             0x08006725   Thumb Code     0  printfa.o(i.__0sprintf)
    sprintf                                  0x08006725   Thumb Code     0  printfa.o(i.__0sprintf)
    __ARM_fpclassify                         0x0800674d   Thumb Code    40  fpclassify.o(i.__ARM_fpclassify)
    __kernel_poly                            0x08006775   Thumb Code   170  poly.o(i.__kernel_poly)
    __mathlib_dbl_divzero                    0x08006821   Thumb Code    12  dunder.o(i.__mathlib_dbl_divzero)
    __mathlib_dbl_infnan2                    0x08006831   Thumb Code     4  dunder.o(i.__mathlib_dbl_infnan2)
    __mathlib_dbl_invalid                    0x08006835   Thumb Code    12  dunder.o(i.__mathlib_dbl_invalid)
    __mathlib_dbl_overflow                   0x08006841   Thumb Code    14  dunder.o(i.__mathlib_dbl_overflow)
    __mathlib_dbl_underflow                  0x08006851   Thumb Code    10  dunder.o(i.__mathlib_dbl_underflow)
    __scatterload_copy                       0x08006861   Thumb Code    14  handlers.o(i.__scatterload_copy)
    __scatterload_null                       0x0800686f   Thumb Code     2  handlers.o(i.__scatterload_null)
    __scatterload_zeroinit                   0x08006871   Thumb Code    14  handlers.o(i.__scatterload_zeroinit)
    __set_errno                              0x08006881   Thumb Code     6  errno.o(i.__set_errno)
    floor                                    0x08007149   Thumb Code   204  floor.o(i.floor)
    free                                     0x08007225   Thumb Code    76  malloc.o(i.free)
    malloc                                   0x08007275   Thumb Code    92  malloc.o(i.malloc)
    pow                                      0x080072e1   Thumb Code  2512  pow.o(i.pow)
    sqrt                                     0x08007cb9   Thumb Code    76  sqrt.o(i.sqrt)
    POLYNOMIAL                               0x08007d04   Data           2  sht20.o(.constdata)
    __mathlib_zero                           0x08008008   Data           8  qnan.o(.constdata)
    Region$$Table$$Base                      0x08008074   Number         0  anon$$obj.o(Region$$Table)
    Region$$Table$$Limit                     0x08008094   Number         0  anon$$obj.o(Region$$Table)
    SystemCoreClock                          0x20000000   Data           4  system_stm32f10x.o(.data)
    AHBPrescTable                            0x20000004   Data          16  system_stm32f10x.o(.data)
    rcv_cmd_start                            0x20000028   Data           1  usart2.o(.data)
    rcv_cmd_flag                             0x20000029   Data           1  usart2.o(.data)
    usart2_rcv_len                           0x2000002c   Data           4  usart2.o(.data)
    usart2_cmd_len                           0x20000030   Data           4  usart2.o(.data)
    red_value                                0x20000034   Data           1  led.o(.data)
    yellow_value                             0x20000035   Data           1  led.o(.data)
    blue_value                               0x20000036   Data           1  led.o(.data)
    green_value                              0x20000037   Data           1  led.o(.data)
    send_pkg                                 0x20000044   Data           4  esp8266.o(.data)
    __stdout                                 0x20000048   Data           4  stdout.o(.data)
    __microlib_freelist                      0x2000004c   Data           4  mvars.o(.data)
    __microlib_freelist_initialised          0x20000050   Data           4  mvars.o(.data)
    usart2_rcv_buf                           0x20000058   Data        1024  usart2.o(.bss)
    usart2_cmd_buf                           0x20000458   Data         256  usart2.o(.bss)
    send_buf                                 0x20000558   Data        1024  esp8266.o(.bss)
    __heap_base                              0x20000958   Data           0  startup_stm32f10x_md.o(HEAP)
    __heap_limit                             0x20000d58   Data           0  startup_stm32f10x_md.o(HEAP)
    __initial_sp                             0x20001158   Data           0  startup_stm32f10x_md.o(STACK)



==============================================================================

Memory Map of the image

  Image Entry point : 0x080000ed

  Load Region LR_IROM1 (Base: 0x08000000, Size: 0x000080ec, Max: 0x00080000, ABSOLUTE)

    Execution Region ER_IROM1 (Base: 0x08000000, Size: 0x00008094, Max: 0x00080000, ABSOLUTE)

    Base Addr    Size         Type   Attr      Idx    E Section Name        Object

    0x08000000   0x000000ec   Data   RO          116    RESET               startup_stm32f10x_md.o
    0x080000ec   0x00000000   Code   RO          497  * .ARM.Collect$$$$00000000  mc_w.l(entry.o)
    0x080000ec   0x00000004   Code   RO          864    .ARM.Collect$$$$00000001  mc_w.l(entry2.o)
    0x080000f0   0x00000004   Code   RO          867    .ARM.Collect$$$$00000004  mc_w.l(entry5.o)
    0x080000f4   0x00000000   Code   RO          869    .ARM.Collect$$$$00000008  mc_w.l(entry7b.o)
    0x080000f4   0x00000000   Code   RO          871    .ARM.Collect$$$$0000000A  mc_w.l(entry8b.o)
    0x080000f4   0x00000008   Code   RO          872    .ARM.Collect$$$$0000000B  mc_w.l(entry9a.o)
    0x080000fc   0x00000000   Code   RO          874    .ARM.Collect$$$$0000000D  mc_w.l(entry10a.o)
    0x080000fc   0x00000000   Code   RO          876    .ARM.Collect$$$$0000000F  mc_w.l(entry11a.o)
    0x080000fc   0x00000004   Code   RO          865    .ARM.Collect$$$$00002712  mc_w.l(entry2.o)
    0x08000100   0x000001e8   Code   RO           17    .text               system_stm32f10x.o
    0x080002e8   0x00000024   Code   RO          117    .text               startup_stm32f10x_md.o
    0x0800030c   0x00000070   Code   RO          121    .text               main.o
    0x0800037c   0x000000b4   Code   RO          187    .text               stm32f10x_it.o
    0x08000430   0x000000dc   Code   RO          213    .text               misc.o
    0x0800050c   0x0000035c   Code   RO          249    .text               stm32f10x_gpio.o
    0x08000868   0x00000404   Code   RO          261    .text               stm32f10x_i2c.o
    0x08000c6c   0x000003ac   Code   RO          273    .text               stm32f10x_rcc.o
    0x08001018   0x00000408   Code   RO          287    .text               stm32f10x_usart.o
    0x08001420   0x000000f4   Code   RO          299    .text               usart1.o
    0x08001514   0x000000e0   Code   RO          318    .text               usart2.o
    0x080015f4   0x00000278   Code   RO          337    .text               led.o
    0x0800186c   0x000006c8   Code   RO          355    .text               sht20.o
    0x08001f34   0x00000320   Code   RO          370    .text               hal_i2c.o
    0x08002254   0x00001a8c   Code   RO          384    .text               cjson.o
    0x08003ce0   0x00001838   Code   RO          426    .text               edpkit.o
    0x08005518   0x00000864   Code   RO          450    .text               esp8266.o
    0x08005d7c   0x000000c0   Code   RO          469    .text               utils.o
    0x08005e3c   0x0000000c   Code   RO          500    .text               mc_w.l(tolower.o)
    0x08005e48   0x00000040   Code   RO          504    .text               mc_w.l(memmovea.o)
    0x08005e88   0x00000024   Code   RO          506    .text               mc_w.l(memseta.o)
    0x08005eac   0x00000018   Code   RO          508    .text               mc_w.l(strcat.o)
    0x08005ec4   0x00000024   Code   RO          510    .text               mc_w.l(strstr.o)
    0x08005ee8   0x00000018   Code   RO          512    .text               mc_w.l(strncpy.o)
    0x08005f00   0x00000014   Code   RO          514    .text               mc_w.l(strchr.o)
    0x08005f14   0x0000000e   Code   RO          516    .text               mc_w.l(strlen.o)
    0x08005f22   0x00000012   Code   RO          518    .text               mc_w.l(strcpy.o)
    0x08005f34   0x0000001e   Code   RO          520    .text               mc_w.l(strncmp.o)
    0x08005f52   0x0000014e   Code   RO          815    .text               mf_w.l(dadd.o)
    0x080060a0   0x000000e4   Code   RO          817    .text               mf_w.l(dmul.o)
    0x08006184   0x00000012   Code   RO          819    .text               mf_w.l(fflti.o)
    0x08006196   0x0000000a   Code   RO          821    .text               mf_w.l(ffltui.o)
    0x080061a0   0x00000022   Code   RO          823    .text               mf_w.l(dflti.o)
    0x080061c2   0x00000028   Code   RO          825    .text               mf_w.l(ffixui.o)
    0x080061ea   0x0000003e   Code   RO          827    .text               mf_w.l(dfixi.o)
    0x08006228   0x00000026   Code   RO          829    .text               mf_w.l(f2d.o)
    0x0800624e   0x00000002   PAD
    0x08006250   0x00000030   Code   RO          831    .text               mf_w.l(cdcmple.o)
    0x08006280   0x00000030   Code   RO          833    .text               mf_w.l(cdrcmple.o)
    0x080062b0   0x00000038   Code   RO          835    .text               mf_w.l(d2f.o)
    0x080062e8   0x0000002c   Code   RO          879    .text               mc_w.l(uidiv.o)
    0x08006314   0x00000062   Code   RO          881    .text               mc_w.l(uldiv.o)
    0x08006376   0x0000001e   Code   RO          883    .text               mc_w.l(llshl.o)
    0x08006394   0x00000020   Code   RO          885    .text               mc_w.l(llushr.o)
    0x080063b4   0x00000024   Code   RO          887    .text               mc_w.l(llsshr.o)
    0x080063d8   0x00000000   Code   RO          898    .text               mc_w.l(iusefp.o)
    0x080063d8   0x0000006e   Code   RO          899    .text               mf_w.l(fepilogue.o)
    0x08006446   0x000000ba   Code   RO          901    .text               mf_w.l(depilogue.o)
    0x08006500   0x000000de   Code   RO          903    .text               mf_w.l(ddiv.o)
    0x080065de   0x0000002e   Code   RO          905    .text               mf_w.l(dscalb.o)
    0x0800660c   0x00000030   Code   RO          907    .text               mf_w.l(dfixul.o)
    0x0800663c   0x00000024   Code   RO          909    .text               mc_w.l(init.o)
    0x08006660   0x000000a2   Code   RO          911    .text               mf_w.l(dsqrt.o)
    0x08006702   0x00000002   PAD
    0x08006704   0x00000020   Code   RO          759    i.__0printf         mc_w.l(printfa.o)
    0x08006724   0x00000028   Code   RO          761    i.__0sprintf        mc_w.l(printfa.o)
    0x0800674c   0x00000028   Code   RO          851    i.__ARM_fpclassify  m_ws.l(fpclassify.o)
    0x08006774   0x000000aa   Code   RO          853    i.__kernel_poly     m_ws.l(poly.o)
    0x0800681e   0x00000002   PAD
    0x08006820   0x00000010   Code   RO          837    i.__mathlib_dbl_divzero  m_ws.l(dunder.o)
    0x08006830   0x00000004   Code   RO          839    i.__mathlib_dbl_infnan2  m_ws.l(dunder.o)
    0x08006834   0x0000000c   Code   RO          840    i.__mathlib_dbl_invalid  m_ws.l(dunder.o)
    0x08006840   0x0000000e   Code   RO          841    i.__mathlib_dbl_overflow  m_ws.l(dunder.o)
    0x0800684e   0x00000002   PAD
    0x08006850   0x00000010   Code   RO          843    i.__mathlib_dbl_underflow  m_ws.l(dunder.o)
    0x08006860   0x0000000e   Code   RO          915    i.__scatterload_copy  mc_w.l(handlers.o)
    0x0800686e   0x00000002   Code   RO          916    i.__scatterload_null  mc_w.l(handlers.o)
    0x08006870   0x0000000e   Code   RO          917    i.__scatterload_zeroinit  mc_w.l(handlers.o)
    0x0800687e   0x00000002   PAD
    0x08006880   0x0000000c   Code   RO          893    i.__set_errno       mc_w.l(errno.o)
    0x0800688c   0x00000184   Code   RO          766    i._fp_digits        mc_w.l(printfa.o)
    0x08006a10   0x000006dc   Code   RO          767    i._printf_core      mc_w.l(printfa.o)
    0x080070ec   0x00000024   Code   RO          768    i._printf_post_padding  mc_w.l(printfa.o)
    0x08007110   0x0000002e   Code   RO          769    i._printf_pre_padding  mc_w.l(printfa.o)
    0x0800713e   0x0000000a   Code   RO          771    i._sputc            mc_w.l(printfa.o)
    0x08007148   0x000000dc   Code   RO          484    i.floor             m_ws.l(floor.o)
    0x08007224   0x00000050   Code   RO          787    i.free              mc_w.l(malloc.o)
    0x08007274   0x0000006c   Code   RO          788    i.malloc            mc_w.l(malloc.o)
    0x080072e0   0x000009d8   Code   RO          488    i.pow               m_ws.l(pow.o)
    0x08007cb8   0x0000004c   Code   RO          857    i.sqrt              m_ws.l(sqrt.o)
    0x08007d04   0x00000033   Data   RO          356    .constdata          sht20.o
    0x08007d37   0x0000003b   Data   RO          371    .constdata          hal_i2c.o
    0x08007d72   0x00000007   Data   RO          385    .constdata          cjson.o
    0x08007d79   0x00000200   Data   RO          470    .constdata          utils.o
    0x08007f79   0x00000007   PAD
    0x08007f80   0x00000088   Data   RO          489    .constdata          m_ws.l(pow.o)
    0x08008008   0x00000008   Data   RO          855    .constdata          m_ws.l(qnan.o)
    0x08008010   0x00000062   Data   RO          372    .conststring        hal_i2c.o
    0x08008072   0x00000002   PAD
    0x08008074   0x00000020   Data   RO          913    Region$$Table       anon$$obj.o


    Execution Region RW_IRAM1 (Base: 0x20000000, Size: 0x00001158, Max: 0x00010000, ABSOLUTE)

    Base Addr    Size         Type   Attr      Idx    E Section Name        Object

    0x20000000   0x00000014   Data   RW           18    .data               system_stm32f10x.o
    0x20000014   0x00000014   Data   RW          274    .data               stm32f10x_rcc.o
    0x20000028   0x0000000c   Data   RW          320    .data               usart2.o
    0x20000034   0x00000004   Data   RW          338    .data               led.o
    0x20000038   0x0000000c   Data   RW          386    .data               cjson.o
    0x20000044   0x00000004   Data   RW          452    .data               esp8266.o
    0x20000048   0x00000004   Data   RW          878    .data               mc_w.l(stdout.o)
    0x2000004c   0x00000004   Data   RW          889    .data               mc_w.l(mvars.o)
    0x20000050   0x00000004   Data   RW          890    .data               mc_w.l(mvars.o)
    0x20000054   0x00000004   Data   RW          894    .data               mc_w.l(errno.o)
    0x20000058   0x00000500   Zero   RW          319    .bss                usart2.o
    0x20000558   0x00000400   Zero   RW          451    .bss                esp8266.o
    0x20000958   0x00000400   Zero   RW          115    HEAP                startup_stm32f10x_md.o
    0x20000d58   0x00000400   Zero   RW          114    STACK               startup_stm32f10x_md.o


==============================================================================

Image component sizes


      Code (inc. data)   RO Data    RW Data    ZI Data      Debug   Object Name

      6796        210          7         12          0      24040   cjson.o
         0          0          0          0          0       4540   core_cm3.o
      6200         76          0          0          0      36573   edpkit.o
      2148       1026          0          4       1024       2930   esp8266.o
       800         46        157          0          0       3151   hal_i2c.o
       632         88          0          4          0       2034   led.o
       112         40          0          0          0       3747   main.o
       220         22          0          0          0       1897   misc.o
      1736        212         51          0          0       4056   sht20.o
        36          8        236          0       2048        832   startup_stm32f10x_md.o
       860         38          0          0          0       5829   stm32f10x_gpio.o
      1028         16          0          0          0       9319   stm32f10x_i2c.o
       180         26          0          0          0       3254   stm32f10x_it.o
       940         44          0         20          0       9020   stm32f10x_rcc.o
      1032         22          0          0          0       8552   stm32f10x_usart.o
       488         46          0         20          0     236583   system_stm32f10x.o
       244         10          0          0          0       1545   usart1.o
       224         10          0         12       1280       1776   usart2.o
       192         20        512          0          0       2138   utils.o

    ----------------------------------------------------------------------
     23868       1960       1004         72       4352     361816   Object Totals
         0          0         32          0          0          0   (incl. Generated)
         0          0          9          0          0          0   (incl. Padding)

    ----------------------------------------------------------------------

      Code (inc. data)   RO Data    RW Data    ZI Data      Debug   Library Member Name

        62         10          0          0          0        340   dunder.o
       220         16          0          0          0         84   floor.o
        40          0          0          0          0         68   fpclassify.o
       170          0          0          0          0         96   poly.o
      2520        190        136          0          0        324   pow.o
         0          0          8          0          0          0   qnan.o
        76          0          0          0          0         84   sqrt.o
         0          0          0          0          0          0   entry.o
         0          0          0          0          0          0   entry10a.o
         0          0          0          0          0          0   entry11a.o
         8          4          0          0          0          0   entry2.o
         4          0          0          0          0          0   entry5.o
         0          0          0          0          0          0   entry7b.o
         0          0          0          0          0          0   entry8b.o
         8          4          0          0          0          0   entry9a.o
        12          6          0          4          0         68   errno.o
        30          0          0          0          0          0   handlers.o
        36          8          0          0          0         68   init.o
         0          0          0          0          0          0   iusefp.o
        30          0          0          0          0         68   llshl.o
        36          0          0          0          0         68   llsshr.o
        32          0          0          0          0         68   llushr.o
       188         20          0          0          0        160   malloc.o
        64          0          0          0          0         76   memmovea.o
        36          0          0          0          0        108   memseta.o
         0          0          0          8          0          0   mvars.o
      2308         96          0          0          0        604   printfa.o
         0          0          0          4          0          0   stdout.o
        24          0          0          0          0         68   strcat.o
        20          0          0          0          0         68   strchr.o
        18          0          0          0          0         68   strcpy.o
        14          0          0          0          0         68   strlen.o
        30          0          0          0          0         80   strncmp.o
        24          0          0          0          0         76   strncpy.o
        36          0          0          0          0         80   strstr.o
        12          0          0          0          0         68   tolower.o
        44          0          0          0          0         80   uidiv.o
        98          0          0          0          0         92   uldiv.o
        48          0          0          0          0         68   cdcmple.o
        48          0          0          0          0         68   cdrcmple.o
        56          0          0          0          0         88   d2f.o
       334          0          0          0          0        148   dadd.o
       222          0          0          0          0        100   ddiv.o
       186          0          0          0          0        176   depilogue.o
        62          0          0          0          0         80   dfixi.o
        48          0          0          0          0         68   dfixul.o
        34          0          0          0          0         76   dflti.o
       228          0          0          0          0         96   dmul.o
        46          0          0          0          0         80   dscalb.o
       162          0          0          0          0        100   dsqrt.o
        38          0          0          0          0         68   f2d.o
       110          0          0          0          0        168   fepilogue.o
        40          0          0          0          0         68   ffixui.o
        18          0          0          0          0         68   fflti.o
        10          0          0          0          0         68   ffltui.o

    ----------------------------------------------------------------------
      7900        354        144         16          0       4620   Library Totals
        10          0          0          0          0          0   (incl. Padding)

    ----------------------------------------------------------------------

      Code (inc. data)   RO Data    RW Data    ZI Data      Debug   Library Name

      3088        216        144          0          0        996   m_ws.l
      3112        138          0         16          0       2036   mc_w.l
      1690          0          0          0          0       1588   mf_w.l

    ----------------------------------------------------------------------
      7900        354        144         16          0       4620   Library Totals

    ----------------------------------------------------------------------

==============================================================================


      Code (inc. data)   RO Data    RW Data    ZI Data      Debug   

     31768       2314       1148         88       4352     362428   Grand Totals
     31768       2314       1148         88       4352     362428   ELF Image Totals
     31768       2314       1148         88          0          0   ROM Totals

==============================================================================

    Total RO  Size (Code + RO Data)                32916 (  32.14kB)
    Total RW  Size (RW Data + ZI Data)              4440 (   4.34kB)
    Total ROM Size (Code + RO Data + RW Data)      33004 (  32.23kB)

==============================================================================

